node.exe : D:\LocalD\All-MyT
est\JU_ACTIVITY-HUB\backend\
node_modules\ts-node\src\ind
ex.ts:859
At line:1 char:1
+ & "C:\Program 
Files\nodejs/node.exe" "C:\U
sers\musca\AppData\Roaming\ 
...
+ ~~~~~~~~~~~~~~~~~~~~~~~~~~
~~~~~~~~~~~~~~~~~~~~~~~~~~~~
~~~~~~~~~~~~~~~
    + CategoryInfo          
    : NotSpecified: (D:\Lo  
  calD\All-M...rc\index.t   
 s:859:String) [], Remot    
eException
    + FullyQualifiedErrorId 
    : NativeCommandError
 
    return new 
TSError(diagnosticText, 
diagnosticCodes, 
diagnostics);
           ^
TSError: Γ¿» Unable to 
compile TypeScript:
src/auth/auth.controller.ts(
58,41): error TS2345: 
Argument of type '{ email: 
string; newPassword: 
string; }' is not 
assignable to parameter of 
type '{ email: string; 
code: string; newPassword: 
string; }'.
  Property 'code' is 
missing in type '{ email: 
string; newPassword: 
string; }' but required in 
type '{ email: string; 
code: string; newPassword: 
string; }'.

    at createTSError (D:\Loc
alD\All-MyTest\JU_ACTIVITY-H
UB\backend\node_modules\ts-n
ode\src\index.ts:859:12)
    at reportTSError (D:\Loc
alD\All-MyTest\JU_ACTIVITY-H
UB\backend\node_modules\ts-n
ode\src\index.ts:863:19)
    at getOutput (D:\LocalD\
All-MyTest\JU_ACTIVITY-HUB\b
ackend\node_modules\ts-node\
src\index.ts:1077:36)
    at Object.compile (D:\Lo
calD\All-MyTest\JU_ACTIVITY-
HUB\backend\node_modules\ts-
node\src\index.ts:1433:41)
    at Module.m._compile (D:
\LocalD\All-MyTest\JU_ACTIVI
TY-HUB\backend\node_modules\
ts-node\src\index.ts:1617:30
)
    at node:internal/modules
/cjs/loader:1820:10
    at Object.require.extens
ions.<computed> [as .ts] (D:
\LocalD\All-MyTest\JU_ACTIVI
TY-HUB\backend\node_modules\
ts-node\src\index.ts:1621:12
)
    at Module.load (node:int
ernal/modules/cjs/loader:142
3:32)
    at Function._load (node:
internal/modules/cjs/loader:
1246:12)
    at 
TracingChannel.traceSync (no
de:diagnostics_channel:322:1
4) {
  diagnosticCodes: [ 2345 ]
}
